QA output created by 102
using backend tree store
CHECK data/ledger object
create inode/data/ledger objects
  Name        Id    Size    Used  Shared    Creation time   VDI id  Copies  Tag   Block Size Shift
s test         1   16 MB  4.0 MB  0.0 MB DATE   7c2b25      3                22
c test2        0   16 MB  4.0 MB  0.0 MB DATE   fd3815      3                22
STORE	DATA	VDI	VMSTATE	ATTR	LEDGER	STALE
0	1	2	0	0	1	0
1	1	3	0	0	0	0
2	1	3	0	0	0	0
3	2	0	0	0	0	0
4	1	1	0	0	1	0
5	0	0	0	0	1	0
after delete whole vdis
STORE	DATA	VDI	VMSTATE	ATTR	LEDGER	STALE
0	0	2	0	0	0	0
1	0	3	0	0	0	0
2	0	3	0	0	0	0
3	0	0	0	0	0	0
4	0	1	0	0	0	0
5	0	0	0	0	0	0
    __
   ()'`;
   /\|`
  /  |   Caution! The cluster is not empty.
(/_)_|_  Are you sure you want to continue? [yes/no]: using backend tree store
CHECK erasure object
create inode/data erasure code objects
  Name        Id    Size    Used  Shared    Creation time   VDI id  Copies  Tag   Block Size Shift
  test         0   16 MB  4.0 MB  0.0 MB DATE   7c2b25    4:2                22
STORE	DATA	VDI	VMSTATE	ATTR	LEDGER	STALE
0	1	1	0	0	0	0
1	1	1	0	0	0	0
2	1	1	0	0	0	0
3	1	1	0	0	0	0
4	1	1	0	0	0	0
5	1	1	0	0	0	0
    __
   ()'`;
   /\|`
  /  |   Caution! The cluster is not empty.
(/_)_|_  Are you sure you want to continue? [yes/no]: using backend tree store
CHECK attr object
create attr objects
STORE	DATA	VDI	VMSTATE	ATTR	LEDGER	STALE
0	0	0	0	1	0	0
1	0	1	0	1	0	0
2	0	1	0	0	0	0
3	0	0	0	0	0	0
4	0	1	0	0	0	0
5	0	0	0	1	0	0
