QA output created by 104
using backend tree store
check vdi/cluster status
  Name        Id    Size    Used  Shared    Creation time   VDI id  Copies  Tag   Block Size Shift
s test         1   16 MB  4.0 MB  0.0 MB DATE   7c2b25      3                22
c test2        0   16 MB  4.0 MB  0.0 MB DATE   fd3815      3                22
  Id   Host:Port         V-Nodes       Zone
   0   127.0.0.1:7000      	128          0
   1   127.0.0.1:7001      	128          1
   2   127.0.0.1:7002      	128          2
   3   127.0.0.1:7003      	128          3
Cluster status: running, auto-recovery enabled

Cluster created at DATE

Epoch Time           Version [Host:Port:V-Nodes,,,]
DATE      1 [IP:7000:128, IP:7001:128, IP:7002:128, IP:7003:128]
STORE	DATA	VDI	VMSTATE	ATTR	LEDGER	STALE
0	1	2	0	0	1	0
1	2	3	0	0	1	0
2	1	3	0	0	1	0
3	2	1	0	0	0	0
restart sheepdog cluster
operation should be fail
Failed to create VDI test2: VDI exists already
check vdi/cluster status again
  Name        Id    Size    Used  Shared    Creation time   VDI id  Copies  Tag   Block Size Shift
s test         1   16 MB  4.0 MB  0.0 MB DATE   7c2b25      3                22
c test2        0   16 MB  4.0 MB  0.0 MB DATE   fd3815      3                22
  Id   Host:Port         V-Nodes       Zone
   0   127.0.0.1:7000      	128          0
   1   127.0.0.1:7001      	128          1
   2   127.0.0.1:7002      	128          2
   3   127.0.0.1:7003      	128          3
Cluster status: running, auto-recovery enabled

Cluster created at DATE

Epoch Time           Version [Host:Port:V-Nodes,,,]
DATE      1 [IP:7000:128, IP:7001:128, IP:7002:128, IP:7003:128]
STORE	DATA	VDI	VMSTATE	ATTR	LEDGER	STALE
0	1	2	0	0	1	0
1	2	3	0	0	1	0
2	1	3	0	0	1	0
3	2	1	0	0	0	0
