QA output created by 105
using backend plain store
  Name        Id    Size    Used  Shared    Creation time   VDI id  Copies  Tag   Block Size Shift
  01909709     0   16 MB  0.0 MB  0.0 MB DATE        1      3                22
s 00471718     7   16 MB  0.0 MB  0.0 MB DATE        2      3                22
s 00471718     8   16 MB  0.0 MB  0.0 MB DATE        3      3                22
  00471718     0   16 MB  0.0 MB  0.0 MB DATE        4      3                22
s 00471718     1   16 MB  0.0 MB  0.0 MB DATE   fffff9      3                22
s 00471718     2   16 MB  0.0 MB  0.0 MB DATE   fffffa      3                22
s 00471718     3   16 MB  0.0 MB  0.0 MB DATE   fffffb      3                22
s 00471718     4   16 MB  0.0 MB  0.0 MB DATE   fffffc      3                22
s 00471718     5   16 MB  0.0 MB  0.0 MB DATE   fffffd      3                22
s 00471718     6   16 MB  0.0 MB  0.0 MB DATE   fffffe      3                22
  05421217     0   16 MB  0.0 MB  0.0 MB DATE   ffffff      3                22
deletion with wrap around
  Name        Id    Size    Used  Shared    Creation time   VDI id  Copies  Tag   Block Size Shift
  01909709     0   16 MB  0.0 MB  0.0 MB DATE        1      3                22
s 00471718     8   16 MB  0.0 MB  0.0 MB DATE        3      3                22
  00471718     0   16 MB  0.0 MB  0.0 MB DATE        4      3                22
  05421217     0   16 MB  0.0 MB  0.0 MB DATE   ffffff      3                22
create snapshots again
  Name        Id    Size    Used  Shared    Creation time   VDI id  Copies  Tag   Block Size Shift
  01909709     0   16 MB  0.0 MB  0.0 MB DATE        1      3                22
s 00471718     8   16 MB  0.0 MB  0.0 MB DATE        3      3                22
s 00471718     9   16 MB  0.0 MB  0.0 MB DATE        4      3                22
s 00471718    10   16 MB  0.0 MB  0.0 MB DATE        5      3                22
s 00471718    11   16 MB  0.0 MB  0.0 MB DATE        6      3                22
s 00471718    12   16 MB  0.0 MB  0.0 MB DATE        7      3                22
s 00471718    13   16 MB  0.0 MB  0.0 MB DATE        8      3                22
s 00471718    14   16 MB  0.0 MB  0.0 MB DATE        9      3                22
s 00471718    15   16 MB  0.0 MB  0.0 MB DATE        a      3                22
s 00471718    16   16 MB  0.0 MB  0.0 MB DATE        b      3                22
  00471718     0   16 MB  0.0 MB  0.0 MB DATE        c      3                22
  05421217     0   16 MB  0.0 MB  0.0 MB DATE   ffffff      3                22
